
> preview
> node scripts/with-app-env.mjs vite preview


 ╭────────── [Build Info] ─────────────╮
 │                                     │
 │  - Build Directory: .vercel/output  │
 │  - Date: 9/22/2026, 3:20:26 PM      │
 │  - Nitro Version: 3.0.260610-beta   │
 │  - Nitro Preset: vercel             │
 │                                     │
 ╰─────────────────────────────────────╯

  ➜  Local:   http://127.0.0.1:8081/
AbortError: This operation was aborted
    at new DOMException (node:internal/per_context/domexception:76:18)
    ... 8 lines matching cause stack trace ...
    at TCP.<anonymous> (node:net:347:12) {
  cause: DOMException [AbortError]: This operation was aborted
      at new DOMException (node:internal/per_context/domexception:76:18)
      at AbortController.abort (node:internal/abort_controller:504:18)
      at abort (file:///workspace/node_modules/srvx/dist/adapters/node.mjs:316:51)
      at ServerResponse.<anonymous> (file:///workspace/node_modules/srvx/dist/adapters/node.mjs:320:35)
      at Object.onceWrapper (node:events:633:28)
      at ServerResponse.emit (node:events:519:28)
      at emitCloseNT (node:_http_server:1066:10)
      at Socket.onServerResponseClose (node:_http_server:285:5)
      at Socket.emit (node:events:531:35)
      at TCP.<anonymous> (node:net:347:12),
  status: 500,
  statusText: undefined,
  headers: undefined,
  data: undefined,
  body: undefined,
  unhandled: true
}
AbortError: This operation was aborted
    at new DOMException (node:internal/per_context/domexception:76:18)
    ... 8 lines matching cause stack trace ...
    at TCP.<anonymous> (node:net:347:12) {
  cause: DOMException [AbortError]: This operation was aborted
      at new DOMException (node:internal/per_context/domexception:76:18)
      at AbortController.abort (node:internal/abort_controller:504:18)
      at abort (file:///workspace/node_modules/srvx/dist/adapters/node.mjs:316:51)
      at ServerResponse.<anonymous> (file:///workspace/node_modules/srvx/dist/adapters/node.mjs:320:35)
      at Object.onceWrapper (node:events:633:28)
      at ServerResponse.emit (node:events:519:28)
      at emitCloseNT (node:_http_server:1066:10)
      at Socket.onServerResponseClose (node:_http_server:285:5)
      at Socket.emit (node:events:531:35)
      at TCP.<anonymous> (node:net:347:12),
  status: 500,
  statusText: undefined,
  headers: undefined,
  data: undefined,
  body: undefined,
  unhandled: true
}
AbortError: This operation was aborted
    at new DOMException (node:internal/per_context/domexception:76:18)
    ... 8 lines matching cause stack trace ...
    at TCP.<anonymous> (node:net:347:12) {
  cause: DOMException [AbortError]: This operation was aborted
      at new DOMException (node:internal/per_context/domexception:76:18)
      at AbortController.abort (node:internal/abort_controller:504:18)
      at abort (file:///workspace/node_modules/srvx/dist/adapters/node.mjs:316:51)
      at ServerResponse.<anonymous> (file:///workspace/node_modules/srvx/dist/adapters/node.mjs:320:35)
      at Object.onceWrapper (node:events:633:28)
      at ServerResponse.emit (node:events:519:28)
      at emitCloseNT (node:_http_server:1066:10)
      at Socket.onServerResponseClose (node:_http_server:285:5)
      at Socket.emit (node:events:531:35)
      at TCP.<anonymous> (node:net:347:12),
  status: 500,
  statusText: undefined,
  headers: undefined,
  data: undefined,
  body: undefined,
  unhandled: true
}
